<testsuites id="" name="" tests="129" failures="0" skipped="0" errors="0" time="10.741613">
<testsuite name="01-auth-registration.spec.ts" timestamp="2026-04-15T07:08:46.843Z" hostname="" tests="15" failures="0" skipped="0" time="8.784" errors="0">
<testcase name="Auth &amp; Registration › [Auth] Initiate Gmail OAuth flow for new user" classname="01-auth-registration.spec.ts" time="1.5">
</testcase>
<testcase name="Auth &amp; Registration › [Auth] Login existing active user via Gmail OAuth" classname="01-auth-registration.spec.ts" time="0.991">
</testcase>
<testcase name="Auth &amp; Registration › [Auth] Reject non-Gmail domain email during OAuth" classname="01-auth-registration.spec.ts" time="0.12">
</testcase>
<testcase name="Auth &amp; Registration › [Auth] Block login for inactive user (pending HR activation)" classname="01-auth-registration.spec.ts" time="1.161">
</testcase>
<testcase name="Auth &amp; Registration › [Registration] Submit profile form with all dynamic dropdowns" classname="01-auth-registration.spec.ts" time="0.2">
</testcase>
<testcase name="Auth &amp; Registration › [Registration] Validate phone number format" classname="01-auth-registration.spec.ts" time="0.956">
</testcase>
<testcase name="Auth &amp; Registration › [Registration] Validate minimum age requirement (18+)" classname="01-auth-registration.spec.ts" time="1.01">
</testcase>
<testcase name="Auth &amp; Registration › [Registration] Conditional Degree Specify field when Other is selected" classname="01-auth-registration.spec.ts" time="0.912">
</testcase>
<testcase name="Auth &amp; Registration › [Auth] HR activation creates leave balances with proration" classname="01-auth-registration.spec.ts" time="0.048">
</testcase>
<testcase name="Auth &amp; Registration › [Auth] Admin direct registration bypassing OAuth" classname="01-auth-registration.spec.ts" time="0.046">
</testcase>
<testcase name="Auth &amp; Registration › [Auth] Admin login with email and password" classname="01-auth-registration.spec.ts" time="0.829">
</testcase>
<testcase name="Auth &amp; Registration › [Auth] Admin account lockout after 5 failed login attempts" classname="01-auth-registration.spec.ts" time="0.054">
</testcase>
<testcase name="Auth &amp; Registration › [Auth] JWT stored in HTTP-only cookie with CSRF protection" classname="01-auth-registration.spec.ts" time="0.724">
</testcase>
<testcase name="Auth &amp; Registration › [Auth] Reject registration for pending registration (HR reject flow)" classname="01-auth-registration.spec.ts" time="0.044">
</testcase>
<testcase name="Auth &amp; Registration › [Auth] Google OAuth state parameter validation to prevent CSRF" classname="01-auth-registration.spec.ts" time="0.189">
</testcase>
</testsuite>
<testsuite name="02-master-data.spec.ts" timestamp="2026-04-15T07:08:46.843Z" hostname="" tests="13" failures="0" skipped="0" time="1.249" errors="0">
<testcase name="Master Data Management › [Master] Fetch active records via generic GET /master/:table endpoint" classname="02-master-data.spec.ts" time="0.206">
</testcase>
<testcase name="Master Data Management › [Master] Reject invalid table name in /master/:table" classname="02-master-data.spec.ts" time="0.075">
</testcase>
<testcase name="Master Data Management › [Master] Admin fetches all records including inactive via /master/:table/all" classname="02-master-data.spec.ts" time="0.077">
</testcase>
<testcase name="Master Data Management › [Master] Employee cannot access /master/:table/all endpoint" classname="02-master-data.spec.ts" time="0.145">
</testcase>
<testcase name="Master Data Management › [Master] Create new leave type via POST /master/leave_types" classname="02-master-data.spec.ts" time="0.093">
</testcase>
<testcase name="Master Data Management › [Master] Soft-delete master record via DELETE /master/:table/:id" classname="02-master-data.spec.ts" time="0.061">
</testcase>
<testcase name="Master Data Management › [Master] Update sort_order and label via PATCH /master/:table/:id" classname="02-master-data.spec.ts" time="0.054">
</testcase>
<testcase name="Master Data Management › [Master] SLA config uses key-value pattern (no label/sort_order)" classname="02-master-data.spec.ts" time="0.08">
</testcase>
<testcase name="Master Data Management › [Master] File types use mime_type/extension/context pattern" classname="02-master-data.spec.ts" time="0.086">
</testcase>
<testcase name="Master Data Management › [Master] Permission-gated master table access per admin role" classname="02-master-data.spec.ts" time="0.122">
</testcase>
<testcase name="Master Data Management › [Master] Notification templates use event_key pattern" classname="02-master-data.spec.ts" time="0.094">
</testcase>
<testcase name="Master Data Management › [Master] Public holidays managed per year with date uniqueness" classname="02-master-data.spec.ts" time="0.069">
</testcase>
<testcase name="Master Data Management › [Master] carry_over field is always 0 and non-editable for leave types" classname="02-master-data.spec.ts" time="0.087">
</testcase>
</testsuite>
<testsuite name="03-leave-application.spec.ts" timestamp="2026-04-15T07:08:46.843Z" hostname="" tests="20" failures="0" skipped="0" time="1.784" errors="0">
<testcase name="Leave Application › [Leave] Submit a full-day casual leave request successfully" classname="03-leave-application.spec.ts" time="0.209">
</testcase>
<testcase name="Leave Application › [Leave] Submit half-day leave request (first half)" classname="03-leave-application.spec.ts" time="0.068">
</testcase>
<testcase name="Leave Application › [Leave] Reject leave for employee in probation period" classname="03-leave-application.spec.ts" time="0.067">
</testcase>
<testcase name="Leave Application › [Leave] Allow probation employee to apply for probation-allowed leave type" classname="03-leave-application.spec.ts" time="0.13">
</testcase>
<testcase name="Leave Application › [Leave] Reject leave when insufficient balance" classname="03-leave-application.spec.ts" time="0.079">
</testcase>
<testcase name="Leave Application › [Leave] Reject leave with overlapping date conflict" classname="03-leave-application.spec.ts" time="0.07">
</testcase>
<testcase name="Leave Application › [Leave] Reject leave when date range has no working days" classname="03-leave-application.spec.ts" time="0.073">
</testcase>
<testcase name="Leave Application › [Leave] Sandwich leave detection and confirmation requirement" classname="03-leave-application.spec.ts" time="0.088">
</testcase>
<testcase name="Leave Application › [Leave] Document required for sick leave exceeding threshold" classname="03-leave-application.spec.ts" time="0.099">
</testcase>
<testcase name="Leave Application › [Leave] Document not required for sick leave under threshold" classname="03-leave-application.spec.ts" time="0.114">
</testcase>
<testcase name="Leave Application › [Leave] Working days exclude weekends and public holidays" classname="03-leave-application.spec.ts" time="0.094">
</testcase>
<testcase name="Leave Application › [Leave] Cancel pending leave request (PENDING_L1)" classname="03-leave-application.spec.ts" time="0.069">
</testcase>
<testcase name="Leave Application › [Leave] Cancel approved leave request (before start date)" classname="03-leave-application.spec.ts" time="0.09">
</testcase>
<testcase name="Leave Application › [Leave] Reject cancellation when leave has already started" classname="03-leave-application.spec.ts" time="0.087">
</testcase>
<testcase name="Leave Application › [Leave] Reject cancellation of already cancelled/declined leave" classname="03-leave-application.spec.ts" time="0.049">
</testcase>
<testcase name="Leave Application › [Leave] Skip Level 1 when employee has no manager assigned" classname="03-leave-application.spec.ts" time="0.064">
</testcase>
<testcase name="Leave Application › [Leave] Reason field minimum 10 characters validation" classname="03-leave-application.spec.ts" time="0.088">
</testcase>
<testcase name="Leave Application › [Leave] Concurrent leave submission race condition prevention" classname="03-leave-application.spec.ts" time="0.115">
</testcase>
<testcase name="Leave Application › [Leave] View leave balance per type for current year" classname="03-leave-application.spec.ts" time="0.069">
</testcase>
<testcase name="Leave Application › [Leave] Leave request submitted by admin on behalf shows proper labeling" classname="03-leave-application.spec.ts" time="0.062">
</testcase>
</testsuite>
<testsuite name="04-leave-approval.spec.ts" timestamp="2026-04-15T07:08:46.843Z" hostname="" tests="13" failures="0" skipped="0" time="1.265" errors="0">
<testcase name="Leave Approval Workflow › [Approval] Manager approves Level 1 leave request" classname="04-leave-approval.spec.ts" time="0.216">
</testcase>
<testcase name="Leave Approval Workflow › [Approval] Manager declines Level 1 with required reason" classname="04-leave-approval.spec.ts" time="0.07">
</testcase>
<testcase name="Leave Approval Workflow › [Approval] Manager decline requires reason field" classname="04-leave-approval.spec.ts" time="0.133">
</testcase>
<testcase name="Leave Approval Workflow › [Approval] HR approves Level 2 (final approval)" classname="04-leave-approval.spec.ts" time="0.061">
</testcase>
<testcase name="Leave Approval Workflow › [Approval] HR declines Level 2" classname="04-leave-approval.spec.ts" time="0.093">
</testcase>
<testcase name="Leave Approval Workflow › [Approval] Manager cannot approve another managers team requests" classname="04-leave-approval.spec.ts" time="0.077">
</testcase>
<testcase name="Leave Approval Workflow › [Approval] HR approves escalated request" classname="04-leave-approval.spec.ts" time="0.087">
</testcase>
<testcase name="Leave Approval Workflow › [Approval] HR declines escalated request" classname="04-leave-approval.spec.ts" time="0.101">
</testcase>
<testcase name="Leave Approval Workflow › [Approval] Employee cannot approve their own leave" classname="04-leave-approval.spec.ts" time="0.115">
</testcase>
<testcase name="Leave Approval Workflow › [Approval] View leave request with full approval timeline" classname="04-leave-approval.spec.ts" time="0.094">
</testcase>
<testcase name="Leave Approval Workflow › [Approval] Admin submits leave on behalf and it follows normal workflow" classname="04-leave-approval.spec.ts" time="0.075">
</testcase>
<testcase name="Leave Approval Workflow › [Approval] Balance updates correctly through full approval lifecycle" classname="04-leave-approval.spec.ts" time="0.082">
</testcase>
<testcase name="Leave Approval Workflow › [Approval] can_cancel flag correctly computed in leave request response" classname="04-leave-approval.spec.ts" time="0.061">
</testcase>
</testsuite>
<testsuite name="05-sla-notifications.spec.ts" timestamp="2026-04-15T07:08:46.843Z" hostname="" tests="14" failures="0" skipped="0" time="1.281" errors="0">
<testcase name="SLA &amp; Notifications › [SLA] Business hours elapsed calculation excludes weekends" classname="05-sla-notifications.spec.ts" time="0.193">
</testcase>
<testcase name="SLA &amp; Notifications › [SLA] Reminder sent at configured threshold (default 4h)" classname="05-sla-notifications.spec.ts" time="0.074">
</testcase>
<testcase name="SLA &amp; Notifications › [SLA] Auto-escalation to HR at manager SLA window expiry (5h)" classname="05-sla-notifications.spec.ts" time="0.074">
</testcase>
<testcase name="SLA &amp; Notifications › [SLA] SLA clock pauses outside business hours" classname="05-sla-notifications.spec.ts" time="0.125">
</testcase>
<testcase name="SLA &amp; Notifications › [SLA] SLA clock pauses on public holidays" classname="05-sla-notifications.spec.ts" time="0.092">
</testcase>
<testcase name="SLA &amp; Notifications › [SLA] Weekend-spanning SLA calculation" classname="05-sla-notifications.spec.ts" time="0.067">
</testcase>
<testcase name="SLA &amp; Notifications › [Notification] Email sent via SMTP using master template tokens" classname="05-sla-notifications.spec.ts" time="0.058">
</testcase>
<testcase name="SLA &amp; Notifications › [Notification] In-app notification created in notifications table" classname="05-sla-notifications.spec.ts" time="0.064">
</testcase>
<testcase name="SLA &amp; Notifications › [Notification] Mark notification as read" classname="05-sla-notifications.spec.ts" time="0.134">
</testcase>
<testcase name="SLA &amp; Notifications › [Notification] FCM push notification sent to mobile device" classname="05-sla-notifications.spec.ts" time="0.089">
</testcase>
<testcase name="SLA &amp; Notifications › [Notification] SMTP failure queues notification with warning log" classname="05-sla-notifications.spec.ts" time="0.087">
</testcase>
<testcase name="SLA &amp; Notifications › [Notification] Notification preferences per user" classname="05-sla-notifications.spec.ts" time="0.07">
</testcase>
<testcase name="SLA &amp; Notifications › [SLA] Admin can modify SLA config values" classname="05-sla-notifications.spec.ts" time="0.094">
</testcase>
<testcase name="SLA &amp; Notifications › [Notification] All 14 default notification templates exist" classname="05-sla-notifications.spec.ts" time="0.06">
</testcase>
</testsuite>
<testsuite name="06-admin-rbac.spec.ts" timestamp="2026-04-15T07:08:46.843Z" hostname="" tests="12" failures="0" skipped="0" time="2.184" errors="0">
<testcase name="Admin Panel &amp; RBAC › [Admin] HR Admin has full master data access" classname="06-admin-rbac.spec.ts" time="0.187">
</testcase>
<testcase name="Admin Panel &amp; RBAC › [Admin] Super Admin can manage admin users" classname="06-admin-rbac.spec.ts" time="0.064">
</testcase>
<testcase name="Admin Panel &amp; RBAC › [Admin] Leave Admin limited to master_leave_types only" classname="06-admin-rbac.spec.ts" time="0.078">
</testcase>
<testcase name="Admin Panel &amp; RBAC › [Admin] Reports Admin has read-only access to reports" classname="06-admin-rbac.spec.ts" time="0.141">
</testcase>
<testcase name="Admin Panel &amp; RBAC › [Admin] View any employees leave details" classname="06-admin-rbac.spec.ts" time="0.097">
</testcase>
<testcase name="Admin Panel &amp; RBAC › [Admin] Submit leave on behalf of employee" classname="06-admin-rbac.spec.ts" time="0.07">
</testcase>
<testcase name="Admin Panel &amp; RBAC › [Admin] Audit log records all write operations" classname="06-admin-rbac.spec.ts" time="0.116">
</testcase>
<testcase name="Admin Panel &amp; RBAC › [Admin] Employee role cannot access admin endpoints" classname="06-admin-rbac.spec.ts" time="0.093">
</testcase>
<testcase name="Admin Panel &amp; RBAC › [Admin] Manager role cannot access admin endpoints" classname="06-admin-rbac.spec.ts" time="0.117">
</testcase>
<testcase name="Admin Panel &amp; RBAC › [Admin] Admin activation sets is_manager flag" classname="06-admin-rbac.spec.ts" time="0.103">
</testcase>
<testcase name="Admin Panel &amp; RBAC › [Admin] Admin panel route requires admin session" classname="06-admin-rbac.spec.ts" time="1.059">
</testcase>
<testcase name="Admin Panel &amp; RBAC › [Admin] RBAC permission matrix enforced per admin role" classname="06-admin-rbac.spec.ts" time="0.059">
</testcase>
</testsuite>
<testsuite name="07-reports.spec.ts" timestamp="2026-04-15T07:08:46.843Z" hostname="" tests="10" failures="0" skipped="0" time="1.037" errors="0">
<testcase name="Reports &amp; Export › [Report] Generate monthly leave report" classname="07-reports.spec.ts" time="0.207">
</testcase>
<testcase name="Reports &amp; Export › [Report] Generate yearly leave report" classname="07-reports.spec.ts" time="0.07">
</testcase>
<testcase name="Reports &amp; Export › [Report] Generate leave balance report" classname="07-reports.spec.ts" time="0.136">
</testcase>
<testcase name="Reports &amp; Export › [Report] Export monthly report as CSV" classname="07-reports.spec.ts" time="0.064">
</testcase>
<testcase name="Reports &amp; Export › [Report] Export monthly report as PDF" classname="07-reports.spec.ts" time="0.087">
</testcase>
<testcase name="Reports &amp; Export › [Report] Export yearly report as CSV" classname="07-reports.spec.ts" time="0.077">
</testcase>
<testcase name="Reports &amp; Export › [Report] Filter reports by department" classname="07-reports.spec.ts" time="0.083">
</testcase>
<testcase name="Reports &amp; Export › [Report] Compensation eligibility report (available_days &gt; 0)" classname="07-reports.spec.ts" time="0.092">
</testcase>
<testcase name="Reports &amp; Export › [Report] Employee role cannot access reports endpoints" classname="07-reports.spec.ts" time="0.119">
</testcase>
<testcase name="Reports &amp; Export › [Report] Reports Admin has read-only report access" classname="07-reports.spec.ts" time="0.102">
</testcase>
</testsuite>
<testsuite name="08-file-uploads.spec.ts" timestamp="2026-04-15T07:08:46.843Z" hostname="" tests="10" failures="0" skipped="0" time="1.026" errors="0">
<testcase name="File Uploads (S3) › [Upload] Get presigned URL for profile photo upload" classname="08-file-uploads.spec.ts" time="0.204">
</testcase>
<testcase name="File Uploads (S3) › [Upload] Get presigned URL for resume upload" classname="08-file-uploads.spec.ts" time="0.069">
</testcase>
<testcase name="File Uploads (S3) › [Upload] Reject invalid MIME type not in master_file_types" classname="08-file-uploads.spec.ts" time="0.081">
</testcase>
<testcase name="File Uploads (S3) › [Upload] Reject file exceeding max_size_mb from master_file_types" classname="08-file-uploads.spec.ts" time="0.108">
</testcase>
<testcase name="File Uploads (S3) › [Upload] Validate context matches allowed file types" classname="08-file-uploads.spec.ts" time="0.096">
</testcase>
<testcase name="File Uploads (S3) › [Upload] Leave document upload via presigned URL" classname="08-file-uploads.spec.ts" time="0.076">
</testcase>
<testcase name="File Uploads (S3) › [Upload] AWS S3 unavailable returns 503" classname="08-file-uploads.spec.ts" time="0.081">
</testcase>
<testcase name="File Uploads (S3) › [Upload] Dynamic file types from master_file_types" classname="08-file-uploads.spec.ts" time="0.058">
</testcase>
<testcase name="File Uploads (S3) › [Upload] Signed URL expiration and security" classname="08-file-uploads.spec.ts" time="0.079">
</testcase>
<testcase name="File Uploads (S3) › [Upload] Rate limiting on upload endpoint" classname="08-file-uploads.spec.ts" time="0.174">
</testcase>
</testsuite>
<testsuite name="09-google-calendar.spec.ts" timestamp="2026-04-15T07:08:46.843Z" hostname="" tests="10" failures="0" skipped="0" time="1.007" errors="0">
<testcase name="Google Calendar Integration › [Calendar] Event created only at Level 2 approval" classname="09-google-calendar.spec.ts" time="0.208">
</testcase>
<testcase name="Google Calendar Integration › [Calendar] Event not created at Level 1 approval" classname="09-google-calendar.spec.ts" time="0.062">
</testcase>
<testcase name="Google Calendar Integration › [Calendar] Event deleted when approved leave is cancelled" classname="09-google-calendar.spec.ts" time="0.069">
</testcase>
<testcase name="Google Calendar Integration › [Calendar] Event title format matches config" classname="09-google-calendar.spec.ts" time="0.127">
</testcase>
<testcase name="Google Calendar Integration › [Calendar] Calendar API failure does not block approval" classname="09-google-calendar.spec.ts" time="0.096">
</testcase>
<testcase name="Google Calendar Integration › [Calendar] Employee added as attendee to calendar event" classname="09-google-calendar.spec.ts" time="0.07">
</testcase>
<testcase name="Google Calendar Integration › [Calendar] Calendar event spans correct date range" classname="09-google-calendar.spec.ts" time="0.063">
</testcase>
<testcase name="Google Calendar Integration › [Calendar] calendar_event_id stored in leave request" classname="09-google-calendar.spec.ts" time="0.06">
</testcase>
<testcase name="Google Calendar Integration › [Calendar] Google Calendar credentials missing returns warning" classname="09-google-calendar.spec.ts" time="0.154">
</testcase>
<testcase name="Google Calendar Integration › [Calendar] Half-day leave creates correct calendar event" classname="09-google-calendar.spec.ts" time="0.098">
</testcase>
</testsuite>
<testsuite name="10-mobile-app.spec.ts" timestamp="2026-04-15T07:08:46.843Z" hostname="" tests="12" failures="0" skipped="0" time="1.521" errors="0">
<testcase name="Mobile App (Flutter) › [Mobile] FCM token registration on app launch" classname="10-mobile-app.spec.ts" time="0.196">
</testcase>
<testcase name="Mobile App (Flutter) › [Mobile] Push notification delivery via FCM" classname="10-mobile-app.spec.ts" time="0.062">
</testcase>
<testcase name="Mobile App (Flutter) › [Mobile] Master data fetched on first launch" classname="10-mobile-app.spec.ts" time="0.383">
</testcase>
<testcase name="Mobile App (Flutter) › [Mobile] OAuth flow launches system browser" classname="10-mobile-app.spec.ts" time="0.091">
</testcase>
<testcase name="Mobile App (Flutter) › [Mobile] Leave application 3-step flow" classname="10-mobile-app.spec.ts" time="0.324">
</testcase>
<testcase name="Mobile App (Flutter) › [Mobile] Pull-to-refresh updates master data cache" classname="10-mobile-app.spec.ts" time="0.06">
</testcase>
<testcase name="Mobile App (Flutter) › [Mobile] Conditional navigation based on user state" classname="10-mobile-app.spec.ts" time="0.058">
</testcase>
<testcase name="Mobile App (Flutter) › [Mobile] Leave balance summary on dashboard" classname="10-mobile-app.spec.ts" time="0.088">
</testcase>
<testcase name="Mobile App (Flutter) › [Mobile] Notification list with pagination" classname="10-mobile-app.spec.ts" time="0.059">
</testcase>
<testcase name="Mobile App (Flutter) › [Mobile] Polling fallback when FCM unavailable" classname="10-mobile-app.spec.ts" time="0.05">
</testcase>
<testcase name="Mobile App (Flutter) › [Mobile] FCM token refresh handled automatically" classname="10-mobile-app.spec.ts" time="0.057">
</testcase>
<testcase name="Mobile App (Flutter) › [Mobile] Decline leave requires reason with minimum length" classname="10-mobile-app.spec.ts" time="0.093">
</testcase>
</testsuite>
</testsuites>